21:34:40.206 [main] TRACE - Resolving type for handle ctsst44f3type
21:34:40.217 [main] TRACE - Resolving type for handle ctrsta472type
21:34:40.238 [main] TRACE - Resolving type for handle calcchainfc37doctype
21:34:40.241 [main] TRACE - Resolving type for handle ctcalcchain5a0btype
21:34:40.244 [main] TRACE - Resolving type for handle externallinkb4c2doctype
21:34:40.247 [main] TRACE - Resolving type for handle ctexternallink966etype
21:34:40.249 [main] DEBUG - using default POIXMLDocumentPart for http://schemas.openxmlformats.org/officeDocument/2006/relationships/printerSettings
21:34:40.250 [main] TRACE - Resolving type for handle ctdrawing2748type
21:34:40.259 [main] TRACE - Resolving type for handle chartspace36e0doctype
21:34:40.263 [main] TRACE - Resolving type for handle ctchartspacef9b4type
21:34:40.270 [main] DEBUG - using default POIXMLDocumentPart for http://schemas.openxmlformats.org/officeDocument/2006/relationships/chartUserShapes
21:34:40.270 [main] DEBUG - using default POIXMLDocumentPart for http://schemas.openxmlformats.org/officeDocument/2006/relationships/chartUserShapes
21:34:40.270 [main] DEBUG - using default POIXMLDocumentPart for http://schemas.openxmlformats.org/officeDocument/2006/relationships/chartUserShapes
21:34:40.270 [main] DEBUG - using default POIXMLDocumentPart for http://schemas.openxmlformats.org/officeDocument/2006/relationships/printerSettings
21:34:40.277 [main] DEBUG - using default POIXMLDocumentPart for http://schemas.openxmlformats.org/officeDocument/2006/relationships/chartUserShapes
21:34:40.277 [main] DEBUG - using default POIXMLDocumentPart for http://schemas.openxmlformats.org/officeDocument/2006/relationships/printerSettings
21:34:40.281 [main] DEBUG - using default POIXMLDocumentPart for http://schemas.openxmlformats.org/officeDocument/2006/relationships/printerSettings
21:34:40.288 [main] DEBUG - using default POIXMLDocumentPart for http://schemas.openxmlformats.org/officeDocument/2006/relationships/chartUserShapes
21:34:40.288 [main] DEBUG - using default POIXMLDocumentPart for http://schemas.openxmlformats.org/officeDocument/2006/relationships/printerSettings
21:34:40.292 [main] DEBUG - using default POIXMLDocumentPart for http://schemas.openxmlformats.org/officeDocument/2006/relationships/printerSettings
21:34:40.295 [main] DEBUG - using default POIXMLDocumentPart for http://schemas.openxmlformats.org/officeDocument/2006/relationships/printerSettings
21:34:40.296 [main] TRACE - Resolving type for handle workbookec17doctype
21:34:40.299 [main] TRACE - Resolving type for handle ctworkbook83c3type
21:34:40.303 [main] TRACE - Resolving type for handle ctsheets49fdtype
21:34:40.305 [main] TRACE - Resolving type for handle ctsheet4dbetype
21:34:40.306 [main] TRACE - Resolving type for handle strelationshipid1e94type
21:34:40.308 [main] TRACE - Resolving type for handle worksheetf539doctype
21:34:40.311 [main] TRACE - Resolving type for handle ctworksheet530dtype
21:34:40.315 [main] TRACE - Resolving type for handle ctsheetdata8408type
21:34:40.319 [main] TRACE - Resolving type for handle ctcols627ctype
21:34:40.331 [main] TRACE - Resolving type for handle ctcola95ftype
21:34:40.342 [main] TRACE - Resolving type for handle ctrowdd39type
21:34:40.345 [main] TRACE - Resolving type for handle ctcell842btype
21:34:40.350 [main] TRACE - Resolving type for handle stcellrefe4e0type
21:34:40.372 [main] TRACE - Resolving type for handle ctcellformula3583type
21:34:40.375 [main] TRACE - Resolving type for handle stcellformulatypee2cdtype
21:34:40.382 [main] TRACE - Resolving type for handle ctexternalreferencesd77ctype
21:34:40.383 [main] TRACE - Resolving type for handle ctexternalreference945ftype
21:34:40.386 [main] TRACE - Resolving type for handle ctdefinednamesce48type
21:34:40.387 [main] TRACE - Resolving type for handle ctdefinedname9413type
21:34:40.390 [main] TRACE - Resolving type for handle stxstringf179type
21:34:40.394 [main] TRACE - Resolving type for handle stsheetstate158btype
21:34:40.399 [main] TRACE - Resolving type for handle stcelltypebf95type
21:34:40.404 [main] TRACE - Resolving type for handle ctsheetprotection22f7type
21:34:40.448 [main] TRACE - Resolving type for handle stnumfmtid76fbtype
21:34:40.449 [main] TRACE - Resolving type for handle stfontid9d63type
21:34:40.450 [main] TRACE - Resolving type for handle stfillida097type
21:34:40.451 [main] TRACE - Resolving type for handle stborderid1a80type
21:34:40.451 [main] TRACE - Resolving type for handle stcellstylexfid70c7type
21:34:40.454 [main] TRACE - Resolving type for handle ctcellalignmentb580type
21:34:40.456 [main] TRACE - Resolving type for handle stverticalalignmentd35ctype
21:34:40.457 [main] TRACE - Resolving type for handle ctborderpre497type
21:34:40.459 [main] TRACE - Resolving type for handle stborderstylec774type
21:34:40.460 [main] TRACE - Resolving type for handle ctcolord2c2type
21:34:40.465 [main] TRACE - Resolving type for handle ctfontname2dc3type
21:34:40.467 [main] TRACE - Resolving type for handle ctfontsizeb3b9type
21:34:40.468 [main] TRACE - Resolving type for handle ctbooleanproperty1f3ctype
21:34:40.471 [main] TRACE - Resolving type for handle stunsignedinthex27datype
21:34:40.477 [main] TRACE - Resolving type for handle sthorizontalalignmentf92etype
21:34:40.483 [main] TRACE - Resolving type for handle ctdrawing44fdtype
21:34:40.485 [main] TRACE - Resolving type for handle ctchartc108type
21:34:40.487 [main] TRACE - Resolving type for handle cttitleb54etype
21:34:40.495 [main] TRACE - Resolving type for handle cttx9678type
21:34:40.498 [main] TRACE - Resolving type for handle cttextbodya3catype
21:34:40.500 [main] TRACE - Resolving type for handle cttextparagraphcaf2type
21:34:40.503 [main] TRACE - Resolving type for handle ctregulartextrun7e3dtype
21:34:40.513 [main] TRACE - Resolving type for handle ctplotarea106etype
21:34:40.517 [main] TRACE - Resolving type for handle ctcatax7159type
21:34:40.520 [main] TRACE - Resolving type for handle ctunsignedinte8ectype
21:34:40.522 [main] TRACE - Resolving type for handle ctvalaxd06etype
21:34:40.524 [main] TRACE - Resolving type for handle ctbarchart4151type
21:34:40.527 [main] TRACE - Resolving type for handle ctbardir5f42type
21:34:40.530 [main] TRACE - Resolving type for handle ctbarser960ftype
21:34:40.532 [main] TRACE - Resolving type for handle ctaxdatasource1440type
21:34:40.533 [main] TRACE - Resolving type for handle ctnumdatasourcef0bbtype
21:34:40.535 [main] TRACE - Resolving type for handle ctstrref5d1atype
21:34:40.536 [main] TRACE - Resolving type for handle ctstrdatad58btype
21:34:40.538 [main] TRACE - Resolving type for handle ctnumref062ftype
21:34:40.539 [main] TRACE - Resolving type for handle ctnumdata4f16type
21:34:40.555 [main] TRACE - Resolving type for handle ctworkbookpr03a5type
21:34:40.558 [main] TRACE - Resolving type for handle ctbookviewsb864type
21:34:40.560 [main] TRACE - Resolving type for handle ctbookviewf677type
21:34:40.564 [main] TRACE - Resolving type for handle propertiesee84doctype
21:34:40.566 [main] TRACE - Resolving type for handle ctproperties3f10type
21:34:40.570 [main] TRACE - Resolving type for handle properties288cdoctype
21:34:40.571 [main] TRACE - Resolving type for handle ctproperties2c18type
21:34:40.576 [main] TRACE - Resolving type for handle ctfontfamily685ctype
21:34:40.577 [main] TRACE - Resolving type for handle stfontfamily9c6ctype
21:34:40.580 [main] TRACE - Resolving type for handle ctfontschemebf5dtype
21:34:40.582 [main] TRACE - Resolving type for handle stfontschemef36dtype
21:34:40.583 [main] TRACE - Resolving type for handle ctpatternfill7452type
21:34:40.586 [main] TRACE - Resolving type for handle stpatterntype7939type
21:34:40.588 [main] TRACE - Resolving type for handle ctsheetformatprdef7type
21:34:40.590 [main] TRACE - Resolving type for handle ctsheetviewsb918type
21:34:40.592 [main] TRACE - Resolving type for handle ctsheetview0f43type
21:34:40.595 [main] TRACE - Resolving type for handle ctsheetdimensiond310type
21:34:40.596 [main] TRACE - Resolving type for handle stref90a2type
21:34:40.597 [main] TRACE - Resolving type for handle ctpagemargins5455type
21:34:40.599 [main] TRACE - Resolving type for handle ctstrval86cctype
21:34:40.601 [main] TRACE - Resolving type for handle ctnumval2fe1type
21:34:40.602 [main] TRACE - Resolving type for handle ctpaneaab1type
21:34:40.604 [main] TRACE - Resolving type for handle stpane2ac1type
21:34:40.605 [main] TRACE - Resolving type for handle stpanestateae58type
21:34:40.606 [main] TRACE - Resolving type for handle ctselectionca2btype
21:34:40.610 [main] TRACE - Resolving type for handle cttwocellanchor1e8dtype
21:34:40.612 [main] TRACE - Resolving type for handle ctmarkeree8etype
21:34:40.613 [main] TRACE - Resolving type for handle strowidf4cftype
21:34:40.619 [main] TRACE - Resolving type for handle ctcalccellb960type
21:34:40.623 [main] TRACE - Resolving type for handle ctmergecells1242type
21:34:40.624 [main] TRACE - Resolving type for handle ctmergecelle8d9type
21:34:40.677 [main] TRACE - Resolving type for handle ctworkbookprotection56bctype
21:34:40.700 [main] TRACE - Resolving type for handle ctnumfmtsb58btype
21:34:40.725 [main] DEBUG - Save content types part
21:34:40.778 [main] DEBUG - Save package relationships
21:34:40.780 [main] DEBUG - Save part 'docProps/app.xml'
21:34:40.781 [main] DEBUG - Save part 'docProps/core.xml'
21:34:40.783 [main] DEBUG - Save part 'xl/charts/chart1.xml'
21:34:40.784 [main] DEBUG - Save part 'xl/charts/chart2.xml'
21:34:40.786 [main] DEBUG - Save part 'xl/charts/chart3.xml'
21:34:40.787 [main] DEBUG - Save part 'xl/charts/chart4.xml'
21:34:40.787 [main] DEBUG - Save part 'xl/charts/chart5.xml'
21:34:40.788 [main] DEBUG - Save part 'xl/charts/chart6.xml'
21:34:40.789 [main] DEBUG - Save part 'xl/charts/chart7.xml'
21:34:40.789 [main] DEBUG - Save part 'xl/charts/chart8.xml'
21:34:40.790 [main] DEBUG - Save part 'xl/charts/chart9.xml'
21:34:40.791 [main] DEBUG - Save part 'xl/charts/chart10.xml'
21:34:40.791 [main] DEBUG - Save part 'xl/drawings/drawing1.xml'
21:34:40.792 [main] DEBUG - Save part 'xl/drawings/drawing2.xml'
21:34:40.793 [main] DEBUG - Save part 'xl/drawings/drawing3.xml'
21:34:40.793 [main] DEBUG - Save part 'xl/drawings/drawing4.xml'
21:34:40.793 [main] DEBUG - Save part 'xl/drawings/drawing5.xml'
21:34:40.795 [main] DEBUG - Save part 'xl/drawings/drawing6.xml'
21:34:40.795 [main] DEBUG - Save part 'xl/drawings/drawing7.xml'
21:34:40.796 [main] DEBUG - Save part 'xl/drawings/drawing8.xml'
21:34:40.798 [main] DEBUG - Save part 'xl/drawings/drawing9.xml'
21:34:40.799 [main] DEBUG - Save part 'xl/externalLinks/externalLink1.xml'
21:34:40.800 [main] DEBUG - Save part 'xl/printerSettings/printerSettings1.bin'
21:34:40.800 [main] DEBUG - Save part 'xl/printerSettings/printerSettings2.bin'
21:34:40.801 [main] DEBUG - Save part 'xl/printerSettings/printerSettings3.bin'
21:34:40.801 [main] DEBUG - Save part 'xl/printerSettings/printerSettings4.bin'
21:34:40.802 [main] DEBUG - Save part 'xl/printerSettings/printerSettings7.bin'
21:34:40.802 [main] DEBUG - Save part 'xl/sharedStrings.xml'
21:34:40.802 [main] DEBUG - Save part 'xl/styles.xml'
21:34:40.803 [main] DEBUG - Save part 'xl/theme/theme1.xml'
21:34:40.804 [main] DEBUG - Save part 'xl/workbook.xml'
21:34:40.806 [main] DEBUG - Save part 'xl/worksheets/sheet1.xml'
21:34:40.807 [main] DEBUG - Save part 'xl/worksheets/sheet2.xml'
21:34:40.809 [main] DEBUG - Save part 'xl/worksheets/sheet3.xml'
21:34:40.811 [main] DEBUG - Save part 'xl/worksheets/sheet4.xml'
21:34:40.813 [main] DEBUG - Save part 'xl/worksheets/sheet8.xml'
22:08:48.552 [main] DEBUG - Parsing relationship: /xl/charts/_rels/chart1.xml.rels
22:08:48.556 [main] DEBUG - Parsing relationship: /xl/charts/_rels/chart2.xml.rels
22:08:48.557 [main] DEBUG - Parsing relationship: /xl/charts/_rels/chart3.xml.rels
22:08:48.559 [main] DEBUG - Parsing relationship: /xl/charts/_rels/chart5.xml.rels
22:08:48.560 [main] DEBUG - Parsing relationship: /xl/charts/_rels/chart8.xml.rels
22:08:48.561 [main] DEBUG - Parsing relationship: /xl/drawings/_rels/drawing1.xml.rels
22:08:48.562 [main] DEBUG - Parsing relationship: /xl/drawings/_rels/drawing5.xml.rels
22:08:48.563 [main] DEBUG - Parsing relationship: /xl/drawings/_rels/drawing7.xml.rels
22:08:48.564 [main] DEBUG - Parsing relationship: /xl/drawings/_rels/drawing8.xml.rels
22:08:48.565 [main] DEBUG - Parsing relationship: /xl/drawings/_rels/drawing10.xml.rels
22:08:48.566 [main] DEBUG - Parsing relationship: /xl/drawings/_rels/drawing11.xml.rels
22:08:48.567 [main] DEBUG - Parsing relationship: /xl/externalLinks/_rels/externalLink1.xml.rels
22:08:48.569 [main] DEBUG - Parsing relationship: /xl/_rels/workbook.xml.rels
22:08:48.572 [main] DEBUG - Parsing relationship: /xl/worksheets/_rels/sheet1.xml.rels
22:08:48.573 [main] DEBUG - Parsing relationship: /xl/worksheets/_rels/sheet2.xml.rels
22:08:48.574 [main] DEBUG - Parsing relationship: /xl/worksheets/_rels/sheet3.xml.rels
22:08:48.575 [main] DEBUG - Parsing relationship: /xl/worksheets/_rels/sheet4.xml.rels
22:08:48.575 [main] DEBUG - Parsing relationship: /xl/worksheets/_rels/sheet6.xml.rels
22:08:48.576 [main] DEBUG - Parsing relationship: /xl/worksheets/_rels/sheet7.xml.rels
22:08:48.577 [main] DEBUG - Parsing relationship: /xl/worksheets/_rels/sheet8.xml.rels
22:08:48.578 [main] DEBUG - Parsing relationship: /_rels/.rels
22:08:48.730 [main] TRACE - Loading type system org.apache.poi.schemas.ooxml.system.ooxml
22:08:48.733 [main] TRACE - Loading type system org.apache.xmlbeans.metadata.system.sXMLCONFIG
22:08:48.734 [main] TRACE - Loading type system org.apache.xmlbeans.metadata.system.sXMLLANG
22:08:48.734 [main] TRACE - Loading type system org.apache.xmlbeans.metadata.system.sXMLSCHEMA
22:08:48.734 [main] TRACE - Loading type system org.apache.xmlbeans.metadata.system.sXMLTOOLS
22:08:48.735 [main] TRACE - Reading unresolved handles for type system org.apache.xmlbeans.metadata.system.sXMLTOOLS
22:08:48.746 [main] TRACE - Finished loading type system org.apache.xmlbeans.metadata.system.sXMLTOOLS
22:08:48.747 [main] TRACE - Reading unresolved handles for type system org.apache.xmlbeans.metadata.system.sXMLSCHEMA
22:08:48.750 [main] TRACE - Finished loading type system org.apache.xmlbeans.metadata.system.sXMLSCHEMA
22:08:48.751 [main] TRACE - Reading unresolved handles for type system org.apache.xmlbeans.metadata.system.sXMLLANG
22:08:48.752 [main] TRACE - Finished loading type system org.apache.xmlbeans.metadata.system.sXMLLANG
22:08:48.753 [main] TRACE - Reading unresolved handles for type system org.apache.xmlbeans.metadata.system.sXMLCONFIG
22:08:48.754 [main] TRACE - Finished loading type system org.apache.xmlbeans.metadata.system.sXMLCONFIG
22:08:48.754 [main] TRACE - Reading unresolved handles for type system org.apache.poi.schemas.ooxml.system.ooxml
22:08:48.798 [main] TRACE - Finished loading type system org.apache.poi.schemas.ooxml.system.ooxml
22:08:48.799 [main] TRACE - Resolving type for handle themefd26doctype
22:08:48.848 [main] TRACE - Resolving type for handle stylesheet5d8bdoctype
22:08:48.857 [main] TRACE - Resolving type for handle ctstylesheet4257type
22:08:48.860 [main] TRACE - Resolving type for handle ctcolors6579type
22:08:48.862 [main] TRACE - Resolving type for handle ctfonts6623type
22:08:48.865 [main] TRACE - Resolving type for handle ctfont14d8type
22:08:48.869 [main] TRACE - Resolving type for handle ctfills2c6ftype
22:08:48.872 [main] TRACE - Resolving type for handle ctfill550ctype
22:08:48.873 [main] TRACE - Resolving type for handle ctborders0d66type
22:08:48.876 [main] TRACE - Resolving type for handle ctborderf935type
22:08:48.878 [main] TRACE - Resolving type for handle ctcellxfs1322type
22:08:48.880 [main] TRACE - Resolving type for handle ctxf97f7type
22:08:48.883 [main] TRACE - Resolving type for handle ctcellstylexfsa81ftype
22:08:48.884 [main] TRACE - Resolving type for handle ctdxfsb26atype
22:08:48.886 [main] TRACE - Resolving type for handle cttablestyles872ftype
22:08:48.889 [main] TRACE - Resolving type for handle sstf81fdoctype
22:08:48.892 [main] TRACE - Resolving type for handle ctsst44f3type
22:08:48.902 [main] TRACE - Resolving type for handle ctrsta472type
22:08:48.925 [main] TRACE - Resolving type for handle calcchainfc37doctype
22:08:48.928 [main] TRACE - Resolving type for handle ctcalcchain5a0btype
22:08:48.932 [main] TRACE - Resolving type for handle externallinkb4c2doctype
22:08:48.935 [main] TRACE - Resolving type for handle ctexternallink966etype
22:08:48.937 [main] DEBUG - using default POIXMLDocumentPart for http://schemas.openxmlformats.org/officeDocument/2006/relationships/printerSettings
22:08:48.939 [main] TRACE - Resolving type for handle ctdrawing2748type
22:08:48.946 [main] TRACE - Resolving type for handle chartspace36e0doctype
22:08:48.951 [main] TRACE - Resolving type for handle ctchartspacef9b4type
22:08:48.957 [main] DEBUG - using default POIXMLDocumentPart for http://schemas.openxmlformats.org/officeDocument/2006/relationships/chartUserShapes
22:08:48.957 [main] DEBUG - using default POIXMLDocumentPart for http://schemas.openxmlformats.org/officeDocument/2006/relationships/chartUserShapes
22:08:48.958 [main] DEBUG - using default POIXMLDocumentPart for http://schemas.openxmlformats.org/officeDocument/2006/relationships/chartUserShapes
22:08:48.958 [main] DEBUG - using default POIXMLDocumentPart for http://schemas.openxmlformats.org/officeDocument/2006/relationships/printerSettings
22:08:48.964 [main] DEBUG - using default POIXMLDocumentPart for http://schemas.openxmlformats.org/officeDocument/2006/relationships/chartUserShapes
22:08:48.964 [main] DEBUG - using default POIXMLDocumentPart for http://schemas.openxmlformats.org/officeDocument/2006/relationships/printerSettings
22:08:48.969 [main] DEBUG - using default POIXMLDocumentPart for http://schemas.openxmlformats.org/officeDocument/2006/relationships/printerSettings
22:08:48.975 [main] DEBUG - using default POIXMLDocumentPart for http://schemas.openxmlformats.org/officeDocument/2006/relationships/chartUserShapes
22:08:48.975 [main] DEBUG - using default POIXMLDocumentPart for http://schemas.openxmlformats.org/officeDocument/2006/relationships/printerSettings
22:08:48.980 [main] DEBUG - using default POIXMLDocumentPart for http://schemas.openxmlformats.org/officeDocument/2006/relationships/printerSettings
22:08:48.983 [main] DEBUG - using default POIXMLDocumentPart for http://schemas.openxmlformats.org/officeDocument/2006/relationships/printerSettings
22:08:48.984 [main] TRACE - Resolving type for handle workbookec17doctype
22:08:48.987 [main] TRACE - Resolving type for handle ctworkbook83c3type
22:08:48.992 [main] TRACE - Resolving type for handle ctsheets49fdtype
22:08:48.994 [main] TRACE - Resolving type for handle ctsheet4dbetype
22:08:48.996 [main] TRACE - Resolving type for handle strelationshipid1e94type
22:08:48.999 [main] TRACE - Resolving type for handle worksheetf539doctype
22:08:49.002 [main] TRACE - Resolving type for handle ctworksheet530dtype
22:08:49.007 [main] TRACE - Resolving type for handle ctsheetdata8408type
22:08:49.011 [main] TRACE - Resolving type for handle ctcols627ctype
22:08:49.015 [main] TRACE - Resolving type for handle ctcola95ftype
22:08:49.028 [main] TRACE - Resolving type for handle ctrowdd39type
22:08:49.032 [main] TRACE - Resolving type for handle ctcell842btype
22:08:49.038 [main] TRACE - Resolving type for handle stcellrefe4e0type
22:08:49.062 [main] TRACE - Resolving type for handle ctcellformula3583type
22:08:49.066 [main] TRACE - Resolving type for handle stcellformulatypee2cdtype
22:08:49.073 [main] TRACE - Resolving type for handle ctexternalreferencesd77ctype
22:08:49.075 [main] TRACE - Resolving type for handle ctexternalreference945ftype
22:08:49.079 [main] TRACE - Resolving type for handle ctdefinednamesce48type
22:08:49.081 [main] TRACE - Resolving type for handle ctdefinedname9413type
22:08:49.084 [main] TRACE - Resolving type for handle stxstringf179type
22:08:49.089 [main] TRACE - Resolving type for handle stsheetstate158btype
22:08:49.095 [main] TRACE - Resolving type for handle stcelltypebf95type
22:08:49.100 [main] TRACE - Resolving type for handle ctsheetprotection22f7type
22:08:49.140 [main] TRACE - Resolving type for handle stnumfmtid76fbtype
22:08:49.142 [main] TRACE - Resolving type for handle stfontid9d63type
22:08:49.150 [main] TRACE - Resolving type for handle stfillida097type
22:08:49.151 [main] TRACE - Resolving type for handle stborderid1a80type
22:08:49.153 [main] TRACE - Resolving type for handle stcellstylexfid70c7type
22:08:49.156 [main] TRACE - Resolving type for handle ctcellalignmentb580type
22:08:49.158 [main] TRACE - Resolving type for handle stverticalalignmentd35ctype
22:08:49.160 [main] TRACE - Resolving type for handle ctborderpre497type
22:08:49.162 [main] TRACE - Resolving type for handle stborderstylec774type
22:08:49.163 [main] TRACE - Resolving type for handle ctcolord2c2type
22:08:49.169 [main] TRACE - Resolving type for handle ctfontname2dc3type
22:08:49.171 [main] TRACE - Resolving type for handle ctfontsizeb3b9type
22:08:49.172 [main] TRACE - Resolving type for handle ctbooleanproperty1f3ctype
22:08:49.176 [main] TRACE - Resolving type for handle stunsignedinthex27datype
22:08:49.182 [main] TRACE - Resolving type for handle sthorizontalalignmentf92etype
22:08:49.191 [main] TRACE - Resolving type for handle ctdrawing44fdtype
22:08:49.193 [main] TRACE - Resolving type for handle ctchartc108type
22:08:49.196 [main] TRACE - Resolving type for handle cttitleb54etype
22:08:49.206 [main] TRACE - Resolving type for handle cttx9678type
22:08:49.208 [main] TRACE - Resolving type for handle cttextbodya3catype
22:08:49.210 [main] TRACE - Resolving type for handle cttextparagraphcaf2type
22:08:49.214 [main] TRACE - Resolving type for handle ctregulartextrun7e3dtype
22:08:49.224 [main] TRACE - Resolving type for handle ctplotarea106etype
22:08:49.228 [main] TRACE - Resolving type for handle ctcatax7159type
22:08:49.231 [main] TRACE - Resolving type for handle ctunsignedinte8ectype
22:08:49.233 [main] TRACE - Resolving type for handle ctvalaxd06etype
22:08:49.235 [main] TRACE - Resolving type for handle ctbarchart4151type
22:08:49.238 [main] TRACE - Resolving type for handle ctbardir5f42type
22:08:49.241 [main] TRACE - Resolving type for handle ctbarser960ftype
22:08:49.243 [main] TRACE - Resolving type for handle ctaxdatasource1440type
22:08:49.245 [main] TRACE - Resolving type for handle ctnumdatasourcef0bbtype
22:08:49.247 [main] TRACE - Resolving type for handle ctstrref5d1atype
22:08:49.249 [main] TRACE - Resolving type for handle ctstrdatad58btype
22:08:49.250 [main] TRACE - Resolving type for handle ctnumref062ftype
22:08:49.251 [main] TRACE - Resolving type for handle ctnumdata4f16type
22:08:49.271 [main] TRACE - Resolving type for handle ctworkbookpr03a5type
22:08:49.275 [main] TRACE - Resolving type for handle ctbookviewsb864type
22:08:49.276 [main] TRACE - Resolving type for handle ctbookviewf677type
22:08:49.280 [main] TRACE - Resolving type for handle propertiesee84doctype
22:08:49.281 [main] TRACE - Resolving type for handle ctproperties3f10type
22:08:49.284 [main] TRACE - Resolving type for handle properties288cdoctype
22:08:49.285 [main] TRACE - Resolving type for handle ctproperties2c18type
22:08:49.288 [main] TRACE - Resolving type for handle ctfontfamily685ctype
22:08:49.289 [main] TRACE - Resolving type for handle stfontfamily9c6ctype
22:08:49.290 [main] TRACE - Resolving type for handle ctfontschemebf5dtype
22:08:49.292 [main] TRACE - Resolving type for handle stfontschemef36dtype
22:08:49.295 [main] TRACE - Resolving type for handle ctpatternfill7452type
22:08:49.296 [main] TRACE - Resolving type for handle stpatterntype7939type
22:08:49.301 [main] TRACE - Resolving type for handle ctsheetformatprdef7type
22:08:49.302 [main] TRACE - Resolving type for handle ctsheetviewsb918type
22:08:49.304 [main] TRACE - Resolving type for handle ctsheetview0f43type
22:08:49.307 [main] TRACE - Resolving type for handle ctsheetdimensiond310type
22:08:49.308 [main] TRACE - Resolving type for handle stref90a2type
22:08:49.309 [main] TRACE - Resolving type for handle ctpagemargins5455type
22:08:49.312 [main] TRACE - Resolving type for handle ctstrval86cctype
22:08:49.313 [main] TRACE - Resolving type for handle ctnumval2fe1type
22:08:49.314 [main] TRACE - Resolving type for handle ctpaneaab1type
22:08:49.318 [main] TRACE - Resolving type for handle stpane2ac1type
22:08:49.318 [main] TRACE - Resolving type for handle stpanestateae58type
22:08:49.319 [main] TRACE - Resolving type for handle ctselectionca2btype
22:08:49.324 [main] TRACE - Resolving type for handle cttwocellanchor1e8dtype
22:08:49.326 [main] TRACE - Resolving type for handle ctmarkeree8etype
22:08:49.327 [main] TRACE - Resolving type for handle strowidf4cftype
22:08:49.334 [main] TRACE - Resolving type for handle ctcalccellb960type
22:08:49.337 [main] TRACE - Resolving type for handle ctmergecells1242type
22:08:49.339 [main] TRACE - Resolving type for handle ctmergecelle8d9type
22:08:49.388 [main] TRACE - Resolving type for handle ctworkbookprotection56bctype
22:08:49.409 [main] TRACE - Resolving type for handle ctnumfmtsb58btype
22:08:49.434 [main] DEBUG - Save content types part
22:08:49.499 [main] DEBUG - Save package relationships
22:08:49.502 [main] DEBUG - Save part 'docProps/app.xml'
22:08:49.503 [main] DEBUG - Save part 'docProps/core.xml'
22:08:49.505 [main] DEBUG - Save part 'xl/charts/chart1.xml'
22:08:49.506 [main] DEBUG - Save part 'xl/charts/chart2.xml'
22:08:49.507 [main] DEBUG - Save part 'xl/charts/chart3.xml'
22:08:49.508 [main] DEBUG - Save part 'xl/charts/chart4.xml'
22:08:49.508 [main] DEBUG - Save part 'xl/charts/chart5.xml'
22:08:49.510 [main] DEBUG - Save part 'xl/charts/chart6.xml'
22:08:49.510 [main] DEBUG - Save part 'xl/charts/chart7.xml'
22:08:49.510 [main] DEBUG - Save part 'xl/charts/chart8.xml'
22:08:49.511 [main] DEBUG - Save part 'xl/charts/chart9.xml'
22:08:49.512 [main] DEBUG - Save part 'xl/charts/chart10.xml'
22:08:49.512 [main] DEBUG - Save part 'xl/drawings/drawing1.xml'
22:08:49.514 [main] DEBUG - Save part 'xl/drawings/drawing2.xml'
22:08:49.514 [main] DEBUG - Save part 'xl/drawings/drawing3.xml'
22:08:49.514 [main] DEBUG - Save part 'xl/drawings/drawing4.xml'
22:08:49.515 [main] DEBUG - Save part 'xl/drawings/drawing5.xml'
22:08:49.516 [main] DEBUG - Save part 'xl/drawings/drawing6.xml'
22:08:49.516 [main] DEBUG - Save part 'xl/drawings/drawing7.xml'
22:08:49.517 [main] DEBUG - Save part 'xl/drawings/drawing8.xml'
22:08:49.518 [main] DEBUG - Save part 'xl/drawings/drawing9.xml'
22:08:49.519 [main] DEBUG - Save part 'xl/externalLinks/externalLink1.xml'
22:08:49.520 [main] DEBUG - Save part 'xl/printerSettings/printerSettings1.bin'
22:08:49.520 [main] DEBUG - Save part 'xl/printerSettings/printerSettings2.bin'
22:08:49.520 [main] DEBUG - Save part 'xl/printerSettings/printerSettings3.bin'
22:08:49.520 [main] DEBUG - Save part 'xl/printerSettings/printerSettings4.bin'
22:08:49.521 [main] DEBUG - Save part 'xl/printerSettings/printerSettings7.bin'
22:08:49.521 [main] DEBUG - Save part 'xl/sharedStrings.xml'
22:08:49.521 [main] DEBUG - Save part 'xl/styles.xml'
22:08:49.522 [main] DEBUG - Save part 'xl/theme/theme1.xml'
22:08:49.522 [main] DEBUG - Save part 'xl/workbook.xml'
22:08:49.523 [main] DEBUG - Save part 'xl/worksheets/sheet1.xml'
22:08:49.524 [main] DEBUG - Save part 'xl/worksheets/sheet2.xml'
22:08:49.526 [main] DEBUG - Save part 'xl/worksheets/sheet3.xml'
22:08:49.527 [main] DEBUG - Save part 'xl/worksheets/sheet4.xml'
22:08:49.528 [main] DEBUG - Save part 'xl/worksheets/sheet8.xml'
